---
source: crates/rim-resolve/tests/sort_golden.rs
expression: "&order_snapshot[..order_snapshot.len().min(50)]"
---
[
    "example.earlyloader",
    "ludeon.rimworld",
    "ludeon.rimworld.royalty",
    "ludeon.rimworld.ideology",
    "ludeon.rimworld.biotech",
    "ludeon.rimworld.anomaly",
    "ludeon.rimworld.odyssey",
    "example.patchlib",
    "example.framework02",
    "example.framework01",
    "example.framework03",
    "example.framework04",
    "example.framework05",
    "example.framework06",
    "example.framework07",
    "example.framework08",
    "synth.dependent.001",
    "synth.dependent.002",
    "synth.dependent.003",
    "synth.dependent.004",
    "synth.dependent.005",
    "synth.dependent.006",
    "synth.dependent.007",
    "synth.dependent.008",
    "synth.dependent.009",
    "synth.dependent.010",
    "synth.dependent.011",
    "synth.dependent.012",
    "synth.dependent.013",
    "synth.dependent.014",
    "synth.dependent.015",
    "synth.dependent.016",
    "synth.dependent.017",
    "synth.dependent.018",
    "synth.dependent.019",
    "synth.dependent.020",
    "synth.dependent.021",
    "synth.dependent.022",
    "synth.dependent.023",
    "synth.dependent.024",
    "synth.dependent.025",
    "synth.dependent.026",
    "synth.dependent.027",
    "synth.dependent.028",
    "synth.dependent.029",
    "synth.dependent.030",
    "synth.dependent.031",
    "synth.dependent.032",
    "synth.dependent.033",
    "synth.dependent.034",
]
